\BOOKMARK [1][-]{section.1}{\376\377\000I\000n\000t\000r\000o\000d\000u\000c\000t\000i\000o\000n}{}% 1
\BOOKMARK [2][-]{subsection.1.1}{\376\377\000B\000a\000c\000k\000g\000r\000o\000u\000n\000d\000\040\000a\000n\000d\000\040\000m\000o\000t\000i\000v\000a\000t\000i\000o\000n}{section.1}% 2
\BOOKMARK [2][-]{subsection.1.2}{\376\377\000T\000h\000e\000\040\000d\000i\000m\000e\000n\000s\000i\000o\000n\000a\000l\000i\000t\000y\000-\000r\000e\000d\000u\000c\000t\000i\000o\000n\000\040\000p\000r\000o\000b\000l\000e\000m}{section.1}% 3
\BOOKMARK [2][-]{subsection.1.3}{\376\377\000R\000e\000s\000e\000a\000r\000c\000h\000\040\000q\000u\000e\000s\000t\000i\000o\000n\000s}{section.1}% 4
\BOOKMARK [2][-]{subsection.1.4}{\376\377\000C\000o\000n\000t\000r\000i\000b\000u\000t\000i\000o\000n\000s}{section.1}% 5
\BOOKMARK [1][-]{section.2}{\376\377\000B\000a\000c\000k\000g\000r\000o\000u\000n\000d\000\040\000a\000n\000d\000\040\000r\000e\000l\000a\000t\000e\000d\000\040\000w\000o\000r\000k}{}% 6
\BOOKMARK [2][-]{subsection.2.1}{\376\377\000I\000n\000t\000e\000r\000n\000a\000l\000-\000s\000t\000a\000t\000e\000\040\000p\000r\000o\000b\000i\000n\000g\000\040\000a\000n\000d\000\040\000u\000n\000c\000e\000r\000t\000a\000i\000n\000t\000y}{section.2}% 7
\BOOKMARK [2][-]{subsection.2.2}{\376\377\000M\000a\000s\000s\000i\000v\000e\000\040\000a\000c\000t\000i\000v\000a\000t\000i\000o\000n\000s\000\040\000a\000n\000d\000\040\000v\000a\000r\000i\000a\000n\000c\000e\000\040\000d\000o\000m\000i\000n\000a\000n\000c\000e}{section.2}% 8
\BOOKMARK [2][-]{subsection.2.3}{\376\377\000T\000r\000a\000j\000e\000c\000t\000o\000r\000y\000\040\000:\000\040\000c\000o\000s\000i\000n\000e\000\040\000c\000h\000a\000n\000g\000e\000\040\000a\000n\000d\000\040\000d\000i\000s\000c\000r\000e\000t\000e\000\040\000c\000u\000r\000v\000a\000t\000u\000r\000e}{section.2}% 9
\BOOKMARK [2][-]{subsection.2.4}{\376\377\000C\000l\000a\000s\000s\000i\000f\000i\000e\000r\000\040\000s\000p\000e\000c\000i\000f\000i\000c\000a\000t\000i\000o\000n}{section.2}% 10
\BOOKMARK [2][-]{subsection.2.5}{\376\377\000P\000C\000A\000\040\000v\000e\000r\000s\000u\000s\000\040\000t\000a\000s\000k\000-\000r\000e\000l\000e\000v\000a\000n\000t\000\040\000i\000n\000f\000o\000r\000m\000a\000t\000i\000o\000n}{section.2}% 11
\BOOKMARK [1][-]{section.3}{\376\377\000E\000x\000p\000e\000r\000i\000m\000e\000n\000t\000a\000l\000\040\000p\000r\000o\000t\000o\000c\000o\000l}{}% 12
\BOOKMARK [2][-]{subsection.3.1}{\376\377\000M\000o\000d\000e\000l\000\040\000a\000n\000d\000\040\000i\000n\000f\000e\000r\000e\000n\000c\000e\000\040\000e\000n\000v\000i\000r\000o\000n\000m\000e\000n\000t}{section.3}% 13
\BOOKMARK [2][-]{subsection.3.2}{\376\377\000D\000a\000t\000a\000s\000e\000t\000\040\000c\000o\000n\000s\000t\000r\000u\000c\000t\000i\000o\000n\000\040\000a\000n\000d\000\040\000f\000i\000l\000t\000e\000r\000i\000n\000g}{section.3}% 14
\BOOKMARK [2][-]{subsection.3.3}{\376\377\000H\000i\000d\000d\000e\000n\000-\000s\000t\000a\000t\000e\000\040\000e\000x\000t\000r\000a\000c\000t\000i\000o\000n}{section.3}% 15
\BOOKMARK [2][-]{subsection.3.4}{\376\377\000P\000C\000A\000\040\000c\000o\000n\000f\000i\000g\000u\000r\000a\000t\000i\000o\000n}{section.3}% 16
\BOOKMARK [2][-]{subsection.3.5}{\376\377\000R\000e\000p\000r\000e\000s\000e\000n\000t\000a\000t\000i\000o\000n\000s\000\040\000a\000n\000d\000\040\000b\000a\000s\000e\000l\000i\000n\000e\000s}{section.3}% 17
\BOOKMARK [2][-]{subsection.3.6}{\376\377\000S\000t\000a\000t\000i\000s\000t\000i\000c\000a\000l\000\040\000e\000v\000a\000l\000u\000a\000t\000i\000o\000n}{section.3}% 18
\BOOKMARK [2][-]{subsection.3.7}{\376\377\000P\000r\000e\000-\000r\000e\000g\000i\000s\000t\000r\000a\000t\000i\000o\000n\000\040\000a\000n\000d\000\040\000f\000r\000e\000e\000z\000e\000\040\000p\000r\000o\000t\000o\000c\000o\000l}{section.3}% 19
\BOOKMARK [1][-]{section.4}{\376\377\000R\000e\000s\000u\000l\000t\000s}{}% 20
\BOOKMARK [2][-]{subsection.4.1}{\376\377\000C\000o\000n\000f\000i\000r\000m\000a\000t\000o\000r\000y\000\040\000G\000a\000t\000e\000\040\0003\000\040\000e\000v\000a\000l\000u\000a\000t\000i\000o\000n\000\040\000\050\000R\000Q\0002\000\051}{section.4}% 21
\BOOKMARK [2][-]{subsection.4.2}{\376\377\000L\000a\000y\000e\000r\000\040\000l\000o\000c\000a\000l\000i\000z\000a\000t\000i\000o\000n\000\040\000\050\000R\000Q\0001\000\051}{section.4}% 22
\BOOKMARK [2][-]{subsection.4.3}{\376\377\000P\000a\000i\000r\000e\000d\000\040\000c\000o\000m\000p\000a\000r\000i\000s\000o\000n\000\040\000o\000f\000\040\000f\000i\000v\000e\000\040\000r\000e\000p\000r\000e\000s\000e\000n\000t\000a\000t\000i\000o\000n\000s\000\040\000\050\000R\000Q\0003\000\051}{section.4}% 23
\BOOKMARK [1][-]{section.5}{\376\377\000D\000i\000s\000c\000u\000s\000s\000i\000o\000n}{}% 24
\BOOKMARK [2][-]{subsection.5.1}{\376\377\000M\000a\000s\000s\000i\000v\000e\000-\000a\000c\000t\000i\000v\000a\000t\000i\000o\000n\000\040\000d\000o\000m\000i\000n\000a\000n\000c\000e\000\040\000o\000f\000\040\000g\000l\000o\000b\000a\000l\000\040\000v\000a\000r\000i\000a\000n\000c\000e}{section.5}% 25
\BOOKMARK [2][-]{subsection.5.2}{\376\377\000F\000a\000c\000i\000n\000g\000\040\000B\000L\000-\000N\000O\000R\000M\000\040\000a\000s\000\040\000a\000\040\000f\000i\000r\000s\000t\000-\000c\000l\000a\000s\000s\000\040\000b\000a\000s\000e\000l\000i\000n\000e}{section.5}% 26
\BOOKMARK [2][-]{subsection.5.3}{\376\377\000F\000a\000c\000i\000n\000g\000\040\000P\000C\0004\040\023\0006\0007}{section.5}% 27
\BOOKMARK [2][-]{subsection.5.4}{\376\377\000T\000h\000e\000\040\000c\000e\000n\000t\000r\000a\000l\000\040\000t\000h\000e\000s\000i\000s}{section.5}% 28
\BOOKMARK [2][-]{subsection.5.5}{\376\377\000E\000n\000g\000i\000n\000e\000e\000r\000i\000n\000g\000\040\000i\000m\000p\000l\000i\000c\000a\000t\000i\000o\000n\000s}{section.5}% 29
\BOOKMARK [2][-]{subsection.5.6}{\376\377\000L\000i\000m\000i\000t\000a\000t\000i\000o\000n\000s}{section.5}% 30
\BOOKMARK [3][-]{subsubsection.5.6.1}{\376\377\000E\000x\000p\000l\000o\000r\000a\000t\000o\000r\000y\000\040\000s\000t\000a\000t\000u\000s\000\040\000o\000f\000\040\000A\000B\000L\000-\0001}{subsection.5.6}% 31
\BOOKMARK [3][-]{subsubsection.5.6.2}{\376\377\000T\000a\000r\000g\000e\000t\000\040\000d\000e\000f\000i\000n\000i\000t\000i\000o\000n}{subsection.5.6}% 32
\BOOKMARK [3][-]{subsubsection.5.6.3}{\376\377\000L\000i\000m\000i\000t\000e\000d\000\040\000l\000a\000y\000e\000r\000\040\000s\000a\000m\000p\000l\000i\000n\000g}{subsection.5.6}% 33
\BOOKMARK [3][-]{subsubsection.5.6.4}{\376\377\000L\000i\000m\000i\000t\000e\000d\000\040\000a\000b\000l\000a\000t\000i\000o\000n\000\040\000i\000n\000v\000e\000n\000t\000o\000r\000y}{subsection.5.6}% 34
\BOOKMARK [3][-]{subsubsection.5.6.5}{\376\377\000S\000i\000n\000g\000l\000e\000-\000m\000o\000d\000e\000l\000\040\000e\000v\000a\000l\000u\000a\000t\000i\000o\000n}{subsection.5.6}% 35
\BOOKMARK [3][-]{subsubsection.5.6.6}{\376\377\000M\000e\000c\000h\000a\000n\000i\000s\000m\000\040\000n\000o\000t\000\040\000i\000d\000e\000n\000t\000i\000f\000i\000e\000d}{subsection.5.6}% 36
\BOOKMARK [1][-]{section.6}{\376\377\000C\000o\000n\000c\000l\000u\000s\000i\000o\000n\000s\000\040\000a\000n\000d\000\040\000f\000u\000t\000u\000r\000e\000\040\000w\000o\000r\000k}{}% 37
\BOOKMARK [2][-]{subsection.6.1}{\376\377\000C\000o\000n\000c\000l\000u\000s\000i\000o\000n}{section.6}% 38
\BOOKMARK [2][-]{subsection.6.2}{\376\377\000F\000u\000t\000u\000r\000e\000\040\000d\000i\000r\000e\000c\000t\000i\000o\000n\000s}{section.6}% 39
\BOOKMARK [3][-]{subsubsection.6.2.1}{\376\377\000G\000e\000o\000m\000e\000t\000r\000y\000-\000p\000r\000e\000s\000e\000r\000v\000i\000n\000g\000\040\000s\000u\000p\000e\000r\000v\000i\000s\000e\000d\000\040\000p\000r\000o\000j\000e\000c\000t\000i\000o\000n}{subsection.6.2}% 40
\BOOKMARK [3][-]{subsubsection.6.2.2}{\376\377\000D\000e\000n\000s\000e\000\040\000l\000a\000y\000e\000r\000\040\000s\000w\000e\000e\000p}{subsection.6.2}% 41
\BOOKMARK [3][-]{subsubsection.6.2.3}{\376\377\000D\000i\000r\000e\000c\000t\000\040\000g\000e\000o\000m\000e\000t\000r\000y\000\040\000d\000i\000a\000g\000n\000o\000s\000t\000i\000c\000s}{subsection.6.2}% 42
\BOOKMARK [3][-]{subsubsection.6.2.4}{\376\377\000C\000r\000o\000s\000s\000-\000m\000o\000d\000e\000l\000\040\000a\000n\000d\000\040\000c\000r\000o\000s\000s\000-\000d\000a\000t\000a\000s\000e\000t\000\040\000v\000a\000l\000i\000d\000a\000t\000i\000o\000n}{subsection.6.2}% 43
\BOOKMARK [3][-]{subsubsection.6.2.5}{\376\377\000R\000e\000a\000l\000-\000t\000i\000m\000e\000\040\000i\000n\000t\000e\000g\000r\000a\000t\000i\000o\000n}{subsection.6.2}% 44
\BOOKMARK [1][-]{section.7}{\376\377\000R\000e\000p\000r\000o\000d\000u\000c\000i\000b\000i\000l\000i\000t\000y}{}% 45
\BOOKMARK [1][-]{appendix.A}{\376\377\000F\000r\000e\000e\000z\000e\000\040\000m\000a\000n\000i\000f\000e\000s\000t}{}% 46
\BOOKMARK [1][-]{appendix.B}{\376\377\000P\000r\000o\000m\000p\000t\000\040\000c\000o\000n\000s\000t\000r\000u\000c\000t\000i\000o\000n\000\040\000a\000n\000d\000\040\000W\000i\000k\000i\000p\000e\000d\000i\000a\000-\000b\000a\000s\000e\000d\000\040\000f\000i\000l\000t\000e\000r\000i\000n\000g\000\040\000p\000r\000o\000t\000o\000c\000o\000l}{}% 47
\BOOKMARK [2][-]{subsection.B.1}{\376\377\000S\000c\000o\000p\000e\000\040\000a\000n\000d\000\040\000r\000o\000l\000e\000\040\000o\000f\000\040\000t\000h\000i\000s\000\040\000a\000p\000p\000e\000n\000d\000i\000x}{appendix.B}% 48
\BOOKMARK [2][-]{subsection.B.2}{\376\377\000P\000r\000o\000m\000p\000t\000\040\000i\000n\000v\000e\000n\000t\000o\000r\000y\000\040\000s\000t\000r\000u\000c\000t\000u\000r\000e}{appendix.B}% 49
\BOOKMARK [3][-]{subsubsection.B.2.1}{\376\377\000C\000a\000l\000i\000b\000r\000a\000t\000i\000o\000n\000\040\000i\000n\000v\000e\000n\000t\000o\000r\000y}{subsection.B.2}% 50
\BOOKMARK [3][-]{subsubsection.B.2.2}{\376\377\000T\000y\000p\000e\000\040\000A\000\040\000i\000n\000v\000e\000n\000t\000o\000r\000y}{subsection.B.2}% 51
\BOOKMARK [3][-]{subsubsection.B.2.3}{\376\377\000T\000y\000p\000e\000\040\000A\000\040\000P\000h\000a\000s\000e\000\040\0002\000\040\000i\000n\000v\000e\000n\000t\000o\000r\000y}{subsection.B.2}% 52
\BOOKMARK [3][-]{subsubsection.B.2.4}{\376\377\000T\000y\000p\000e\000\040\000B\000\040\000i\000n\000v\000e\000n\000t\000o\000r\000y}{subsection.B.2}% 53
\BOOKMARK [2][-]{subsection.B.3}{\376\377\000S\000a\000m\000p\000l\000i\000n\000g\000\040\000a\000n\000d\000\040\000p\000h\000a\000s\000e\000\040\000t\000r\000a\000n\000s\000i\000t\000i\000o\000n}{appendix.B}% 54
\BOOKMARK [3][-]{subsubsection.B.3.1}{\376\377\000P\000h\000a\000s\000e\000\040\0001}{subsection.B.3}% 55
\BOOKMARK [3][-]{subsubsection.B.3.2}{\376\377\000E\000s\000t\000i\000m\000a\000t\000i\000o\000n\000\040\000o\000f\000\040\000t\000h\000e\000\040\000P\000h\000a\000s\000e\000\040\0002\000\040\000r\000e\000q\000u\000i\000r\000e\000m\000e\000n\000t}{subsection.B.3}% 56
\BOOKMARK [3][-]{subsubsection.B.3.3}{\376\377\000P\000h\000a\000s\000e\000\040\0002\000\040\000g\000e\000n\000e\000r\000a\000t\000i\000o\000n}{subsection.B.3}% 57
\BOOKMARK [2][-]{subsection.B.4}{\376\377\000W\000i\000k\000i\000p\000e\000d\000i\000a\000-\000b\000a\000s\000e\000d\000\040\000f\000a\000c\000t\000u\000a\000l\000-\000c\000o\000n\000f\000l\000i\000c\000t\000\040\000f\000i\000l\000t\000e\000r\000i\000n\000g}{appendix.B}% 58
\BOOKMARK [3][-]{subsubsection.B.4.1}{\376\377\000P\000u\000r\000p\000o\000s\000e}{subsection.B.4}% 59
\BOOKMARK [3][-]{subsubsection.B.4.2}{\376\377\000C\000o\000n\000c\000e\000p\000t\000u\000a\000l\000\040\000p\000r\000o\000c\000e\000d\000u\000r\000e}{subsection.B.4}% 60
\BOOKMARK [3][-]{subsubsection.B.4.3}{\376\377\000I\000m\000p\000l\000e\000m\000e\000n\000t\000a\000t\000i\000o\000n\000\040\000\050\000f\000r\000o\000z\000e\000n\000\040\000p\000r\000o\000t\000o\000c\000o\000l\000\051}{subsection.B.4}% 61
\BOOKMARK [2][-]{subsection.B.5}{\376\377\000M\000i\000x\000e\000d\000-\000p\000r\000o\000m\000p\000t\000\040\000f\000i\000l\000t\000e\000r\000i\000n\000g}{appendix.B}% 62
\BOOKMARK [2][-]{subsection.B.6}{\376\377\000P\000r\000o\000m\000p\000t\000\040\000i\000d\000e\000n\000t\000i\000t\000y\000,\000\040\000d\000e\000t\000e\000r\000m\000i\000n\000i\000s\000m\000,\000\040\000a\000n\000d\000\040\000p\000r\000o\000v\000e\000n\000a\000n\000c\000e}{appendix.B}% 63
\BOOKMARK [2][-]{subsection.B.7}{\376\377\000R\000e\000l\000a\000t\000i\000o\000n\000s\000h\000i\000p\000\040\000b\000e\000t\000w\000e\000e\000n\000\040\000p\000r\000o\000m\000p\000t\000-\000l\000e\000v\000e\000l\000\040\000a\000n\000d\000\040\000s\000a\000m\000p\000l\000e\000-\000l\000e\000v\000e\000l\000\040\000f\000i\000l\000t\000e\000r\000i\000n\000g}{appendix.B}% 64
\BOOKMARK [2][-]{subsection.B.8}{\376\377\000L\000a\000b\000e\000l\000\040\000a\000s\000s\000i\000g\000n\000m\000e\000n\000t\000\040\000a\000n\000d\000\040\000f\000i\000l\000t\000e\000r\000i\000n\000g\000\040\000o\000r\000d\000e\000r}{appendix.B}% 65
\BOOKMARK [2][-]{subsection.B.9}{\376\377\000R\000e\000q\000u\000i\000r\000e\000d\000\040\000r\000e\000p\000r\000o\000d\000u\000c\000i\000b\000i\000l\000i\000t\000y\000\040\000t\000a\000b\000l\000e}{appendix.B}% 66
\BOOKMARK [2][-]{subsection.B.10}{\376\377\000A\000u\000d\000i\000t\000\040\000t\000r\000a\000i\000l}{appendix.B}% 67
\BOOKMARK [2][-]{subsection.B.11}{\376\377\000S\000c\000i\000e\000n\000t\000i\000f\000i\000c\000\040\000i\000n\000t\000e\000r\000p\000r\000e\000t\000a\000t\000i\000o\000n\000\040\000b\000o\000u\000n\000d\000a\000r\000y}{appendix.B}% 68
\BOOKMARK [1][-]{appendix.C}{\376\377\000D\000e\000t\000a\000i\000l\000e\000d\000\040\000A\000U\000R\000O\000C\000\040\000t\000a\000b\000l\000e\000s}{}% 69
\BOOKMARK [2][-]{subsection.C.1}{\376\377\000L\000a\000y\000e\000r\000-\000l\000e\000v\000e\000l\000\040\000r\000e\000s\000u\000l\000t\000s}{appendix.C}% 70
\BOOKMARK [2][-]{subsection.C.2}{\376\377\000R\000a\000w\000\040\000a\000n\000d\000\040\000P\000C\000A\000\040\000a\000b\000l\000a\000t\000i\000o\000n\000s}{appendix.C}% 71
\BOOKMARK [2][-]{subsection.C.3}{\376\377\000C\000o\000n\000f\000i\000d\000e\000n\000c\000e\000\040\000i\000n\000t\000e\000r\000v\000a\000l\000s}{appendix.C}% 72
